2026-05-30 16:05:03.063 | INFO     | __main__:<module>:4 - 这条会同时在终端和文件里
2026-05-30 16:05:03.064 | WARNING  | __main__:<module>:5 - 这条也是
2026-05-30 16:05:03.064 | DEBUG    | __main__:<module>:6 - 这是 debug 信息
2026-05-30 16:05:03.064 | INFO     | __main__:<module>:7 - 这是普通信息
2026-05-30 16:05:03.064 | WARNING  | __main__:<module>:8 - 这是警告
2026-05-30 16:05:03.064 | ERROR    | __main__:<module>:9 - 这是错误
2026-05-30 16:05:03.064 | CRITICAL | __main__:<module>:10 - 这是严重错误
